---
source: crates/megabase-server/tests/http_snapshots.rs
expression: "observe(\"GET\", \"/rest/v1/todos\", None).await"
---
{
  "body": {
    "code": "MEGABASE_NOT_IMPLEMENTED",
    "component": "rest",
    "message": "GET /rest/v1/todos is not implemented by Megabase yet",
    "unit": "GET /rest/v1/todos"
  },
  "content_type": "application/json",
  "status": 501
}
